###############################################################################
#
# IAR UBROF Linker V10.12.4.1422                          27/Mar/2023  23:06:51
# Copyright 1987-2022 IAR Systems AB.
#
#    Target Cpu    =  MSP430
#    Map file      =
#        C:\Users\vegag\OneDrive\Documentos\MSP430\tarea2\Debug\List\tarea2.map
#    Output file 1 =
#        C:\Users\vegag\OneDrive\Documentos\MSP430\tarea2\Debug\Exe\tarea2.d43
#                  =  Format: debug
#                  =  UBROF version 11.1.1
#                  =  Using library modules for C-SPY (-rt)
#    Command line  =
#        -f
#        C:\Users\vegag\OneDrive\Documentos\MSP430\tarea2\Debug\Exe\tarea2.d43.rsp
#        (C:\Users\vegag\OneDrive\Documentos\MSP430\tarea2\Debug\Obj\asm.r43
#        --output
#        C:\Users\vegag\OneDrive\Documentos\MSP430\tarea2\Debug\Exe\tarea2.d43
#        -l
#        C:\Users\vegag\OneDrive\Documentos\MSP430\tarea2\Debug\List\tarea2.map
#        -xams "-IC:\Program Files\IAR Systems\Embedded Workbench
#        9.1\430\LIB\\" --f "C:\Program Files\IAR Systems\Embedded Workbench
#        9.1\430\config\linker\lnk430fr6989.xcl" (-cmsp430 -QCODE_I=CODE_ID
#        -QTLS16_I=TLS16_ID -D__iar_HWMUL=4C0 "-Z(CONST)INFO=1800-19FF"
#        "-Z(CONST)INFOA=1980-19FF" "-Z(CONST)INFOB=1900-197F"
#        "-Z(CONST)INFOC=1880-18FF" "-Z(CONST)INFOD=1800-187F"
#        "-Z(DATA)TINYRAM=0006-001F"
#        "-Z(DATA)DATA16_I,DATA16_Z,DATA16_N,TLS16_I=1C00-23FF"
#        "-Z(DATA)CODE_I" "-Z(DATA)DATA20_I,DATA20_Z,DATA20_N"
#        "-Z(DATA)CSTACK+_STACK_SIZE#" "-Z(CONST)DATA16_P,DATA20_P=4400-FF7F"
#        "-Z(DATA)DATA16_HEAP+_DATA16_HEAP_SIZE"
#        "-Z(DATA)DATA20_HEAP+_DATA20_HEAP_SIZE" "-Z(CONST)MPU_B1"
#        "-Z(CONST)IPE_B1=4400-FF7F" "-Z(DATA)IPEDATA16_N" "-Z(CODE)IPECODE16"
#        "-Z(CONST)IPEDATA16_C,IPE_B2" "-Z(CONST)MPU_B2"
#        "-Z(CONST)DATA16_C,DATA16_ID,TLS16_ID,DIFUNCT,CHECKSUM=4400-FF7F"
#        "-Z(CODE)CSTART,ISR_CODE,CODE16=4400-FF7F"
#        "-P(CODE)CODE=4400-FF7F,10000-23FF7" "-Z(CODE)CODE_PAD"
#        "-Z(CONST)DATA20_C,DATA20_ID,CODE_ID=4400-FF7F,10040-23FF7"
#        "-Z(CONST)SIGNATURE=FF80-FF8F" "-Z(CONST)JTAGSIGNATURE=FF80-FF83"
#        "-Z(CONST)BSLSIGNATURE=FF84-FF87" "-Z(CONST)IPESIGNATURE=FF88-FF8F"
#        "-Z(CODE)INTVEC=FF90-FFFF" "-Z(CODE)RESET=FFFE-FFFF") -f "C:\Program
#        Files\IAR Systems\Embedded Workbench
#        9.1\430\config\linker\multiplier32.xcl" (-e?Mul8Hw=?Mul8
#        -e?Mul16Hw=?Mul16 -e?Mul16to32uHw=?Mul16to32u
#        -e?Mul16to32sHw=?Mul16to32s -e?Mul32Hw32=?Mul32 -e?Mul64Hw32=_Mul64i
#        -e?Mul32u32uto64iHw32=_Mul32u32uto64i -e?Mul32fHw32=_Mul32f
#        -e_Mul64fHw32Ptr=_Mul64fPtr) -D_STACK_SIZE=A0 -rt
#        -D_DATA16_HEAP_SIZE=A0 -D_DATA20_HEAP_SIZE=50 --text_out locale)
#
###############################################################################






                ****************************************
                *                                      *
                *            PROGRAM ENTRY             *
                *                                      *
                ****************************************

                   There are no program entries.



                ****************************************
                *                                      *
                *    AUTOMATIC SYMBOL REDIRECTIONS     *
                *                                      *
                ****************************************

                   There are no automatic symbol redirections.



                ****************************************
                *                                      *
                *              ENTRY LIST              *
                *                                      *
                ****************************************

ENTRY              SPACE  ADDRESS  KIND  TYPE  MODULE
-----              -----  -------  ----  ----  ------
__MSP430FR5922__           0x0000  Loc         main [0]
_DATA20_HEAP_SIZE          0x0050  Pub         ?ABS_ENTRY_MOD [1]
_DATA16_HEAP_SIZE          0x00A0  Pub         ?ABS_ENTRY_MOD [1]
_STACK_SIZE                0x00A0  Pub         ?ABS_ENTRY_MOD [1]
__iar_HWMUL                0x04C0  Pub         ?ABS_ENTRY_MOD [1]
setUpPorts                 0x1C00  Loc         main [0]
bryanH                     0x1C00  Loc         main [0]
bryanL                     0x1C05  Loc         main [0]
init                       0x4400  Loc         main [0]
main                       0x4404  Pub         main [0]
setUpP1                    0x4416  Loc         main [0]
UnlockGPIO                 0x4446  Loc         main [0]
MainLoop                   0x4468  Loc         main [0]
checkPressed               0x44C2  Loc         main [0]
test                       0x44CE  Loc         main [0]
nameCounter                0x44D4  Loc         main [0]
bryanName                  0x44D8  Loc         main [0]

[0] = C:\Users\vegag\OneDrive\Documentos\MSP430\tarea2\Debug\Obj\asm.r43
[1] = Command line (linker generated)


                ****************************************
                *                                      *
                *              MODULE MAP              *
                *                                      *
                ****************************************

Linker generated:
  Module: ?FILLER_BYTES
******************************************************
Linker generated:
  Module: ?ABS_ENTRY_MOD

      Absolute module symbols:
        _DATA20_HEAP_SIZE  0x0050  Pub
        _DATA16_HEAP_SIZE  0x00A0  Pub
        _STACK_SIZE        0x00A0  Pub
        __iar_HWMUL        0x04C0  Pub
******************************************************
File: C:\Users\vegag\OneDrive\Documentos\MSP430\tarea2\Debug\Obj\asm.r43
  Module: main
       Segment part 0, CSTACK [root]
       Address:  0x2360 Size: 0x0 Align: 2(1)
    --------------------------------------------------
       Segment part 1, <CODE> 1 [root]
                      (was CODE)
       Address:  0x4400 Size: 0x146 Align: 2(1)
       Ref by:   Absolute parts
      main                 0x4404  Pub
      init                 0x4400  Loc
      setUpP1              0x4416  Loc
      UnlockGPIO           0x4446  Loc
      MainLoop             0x4468  Loc
      checkPressed         0x44C2  Loc
      nameCounter          0x44D4  Loc
      test                 0x44CE  Loc
      bryanName            0x44D8  Loc

      Absolute module symbols:
        __MSP430FR5922__  0x0000  Loc
        setUpPorts        0x1C00  Loc
        bryanH            0x1C00  Loc
        bryanL            0x1C05  Loc
      Absolute code:
      Address         Size
      -------         ----
      0x1C00                 0xA
      0xFFFE                 0x2


                ****************************************
                *                                      *
                *      SEGMENTS IN ADDRESS ORDER       *
                *                                      *
                ****************************************

SEGMENT   SPACE    START/END ADDRESS      SIZE  TYPE  ALIGN
-------   -----  ---------------------    ----  ----  -----
CSTACK              0x2360 - 0x23FF       0xA0   rel   2(1)
<CODE> 1            0x4400 - 0x4545      0x146   rel   2(1)
                                0x1C00  0x1C09   0xA   aseg
                                0xFFFE  0xFFFF   0x2   aseg

 326 bytes of CODE memory (+ 12 absolute )
 160 bytes of DATA memory

Errors: none
Warnings: none
