###############################################################################
#
# IAR UBROF Linker V10.12.4.1422                          18/Apr/2023  22:02:17
# Copyright 1987-2022 IAR Systems AB.
#
#    Target Cpu    =  MSP430
#    Map file      =
#        C:\Users\devan\OneDrive\Desktop\school\Arqui2\ARQUI-Project2-main\tarea2\Debug\List\tarea2.map
#    Output file 1 =
#        C:\Users\devan\OneDrive\Desktop\school\Arqui2\ARQUI-Project2-main\tarea2\Debug\Exe\tarea2.d43
#                  =  Format: debug
#                  =  UBROF version 11.1.1
#                  =  Using library modules for C-SPY (-rt)
#    Command line  =
#        -f
#        C:\Users\devan\OneDrive\Desktop\school\Arqui2\ARQUI-Project2-main\tarea2\Debug\Exe\tarea2.d43.rsp
#        (C:\Users\devan\OneDrive\Desktop\school\Arqui2\ARQUI-Project2-main\tarea2\Debug\Obj\asm.r43
#        --output
#        C:\Users\devan\OneDrive\Desktop\school\Arqui2\ARQUI-Project2-main\tarea2\Debug\Exe\tarea2.d43
#        -l
#        C:\Users\devan\OneDrive\Desktop\school\Arqui2\ARQUI-Project2-main\tarea2\Debug\List\tarea2.map
#        -xams "-IC:\Program Files\IAR Systems\Embedded Workbench
#        9.1\430\LIB\\" --f "C:\Program Files\IAR Systems\Embedded Workbench
#        9.1\430\config\linker\lnk430fr6989.xcl" (-cmsp430 -QCODE_I=CODE_ID
#        -QTLS16_I=TLS16_ID -D__iar_HWMUL=4C0 "-Z(CONST)INFO=1800-19FF"
#        "-Z(CONST)INFOA=1980-19FF" "-Z(CONST)INFOB=1900-197F"
#        "-Z(CONST)INFOC=1880-18FF" "-Z(CONST)INFOD=1800-187F"
#        "-Z(DATA)TINYRAM=0006-001F"
#        "-Z(DATA)DATA16_I,DATA16_Z,DATA16_N,TLS16_I=1C00-23FF"
#        "-Z(DATA)CODE_I" "-Z(DATA)DATA20_I,DATA20_Z,DATA20_N"
#        "-Z(DATA)CSTACK+_STACK_SIZE#" "-Z(CONST)DATA16_P,DATA20_P=4400-FF7F"
#        "-Z(DATA)DATA16_HEAP+_DATA16_HEAP_SIZE"
#        "-Z(DATA)DATA20_HEAP+_DATA20_HEAP_SIZE" "-Z(CONST)MPU_B1"
#        "-Z(CONST)IPE_B1=4400-FF7F" "-Z(DATA)IPEDATA16_N" "-Z(CODE)IPECODE16"
#        "-Z(CONST)IPEDATA16_C,IPE_B2" "-Z(CONST)MPU_B2"
#        "-Z(CONST)DATA16_C,DATA16_ID,TLS16_ID,DIFUNCT,CHECKSUM=4400-FF7F"
#        "-Z(CODE)CSTART,ISR_CODE,CODE16=4400-FF7F"
#        "-P(CODE)CODE=4400-FF7F,10000-23FF7" "-Z(CODE)CODE_PAD"
#        "-Z(CONST)DATA20_C,DATA20_ID,CODE_ID=4400-FF7F,10040-23FF7"
#        "-Z(CONST)SIGNATURE=FF80-FF8F" "-Z(CONST)JTAGSIGNATURE=FF80-FF83"
#        "-Z(CONST)BSLSIGNATURE=FF84-FF87" "-Z(CONST)IPESIGNATURE=FF88-FF8F"
#        "-Z(CODE)INTVEC=FF90-FFFF" "-Z(CODE)RESET=FFFE-FFFF") -f "C:\Program
#        Files\IAR Systems\Embedded Workbench
#        9.1\430\config\linker\multiplier32.xcl" (-e?Mul8Hw=?Mul8
#        -e?Mul16Hw=?Mul16 -e?Mul16to32uHw=?Mul16to32u
#        -e?Mul16to32sHw=?Mul16to32s -e?Mul32Hw32=?Mul32 -e?Mul64Hw32=_Mul64i
#        -e?Mul32u32uto64iHw32=_Mul32u32uto64i -e?Mul32fHw32=_Mul32f
#        -e_Mul64fHw32Ptr=_Mul64fPtr) -D_STACK_SIZE=A0 -rt
#        -D_DATA16_HEAP_SIZE=A0 -D_DATA20_HEAP_SIZE=50 --text_out locale)
#
###############################################################################






                ****************************************
                *                                      *
                *            PROGRAM ENTRY             *
                *                                      *
                ****************************************

                   There are no program entries.



                ****************************************
                *                                      *
                *    AUTOMATIC SYMBOL REDIRECTIONS     *
                *                                      *
                ****************************************

                   There are no automatic symbol redirections.



                ****************************************
                *                                      *
                *              ENTRY LIST              *
                *                                      *
                ****************************************

ENTRY                 SPACE  ADDRESS  KIND  TYPE  MODULE
-----                 -----  -------  ----  ----  ------
__MSP430FR5922__              0x0000  Loc         main
_DATA20_HEAP_SIZE             0x0050  Pub         ?ABS_ENTRY_MOD [0]
_DATA16_HEAP_SIZE             0x00A0  Pub         ?ABS_ENTRY_MOD [0]
_STACK_SIZE                   0x00A0  Pub         ?ABS_ENTRY_MOD [0]
__iar_HWMUL                   0x04C0  Pub         ?ABS_ENTRY_MOD [0]
setUpPorts                    0x1C10  Loc         main
runningInDebugger             0x1C10  Loc         main
letra1H                       0x1C11  Loc         main
letra1L                       0x1C16  Loc         main
letra2H                       0x1C1B  Loc         main
letra2L                       0x1C20  Loc         main
letra3H                       0x1C25  Loc         main
letra3L                       0x1C2A  Loc         main
letra4H                       0x1C2F  Loc         main
letra4L                       0x1C34  Loc         main
letra5H                       0x1C39  Loc         main
letra5L                       0x1C3E  Loc         main
letra6H                       0x1C43  Loc         main
letra6L                       0x1C48  Loc         main
hexTop                        0x1C4D  Loc         main
hexLow                        0x1C5D  Loc         main
twos                          0x1C6D  Loc         main
marks                         0x1C75  Loc         main
bicsLed                       0x1C79  Loc         main
intsCounter                   0x1C7E  Loc         main
init                          0x4400  Loc         main
main                          0x4404  Pub         main
setupLCD                      0x4428  Loc         main
setUpP1                       0x443A  Loc         main
UnlockGPIO                    0x446C  Loc         main
LoadTestCases                 0x448E  Loc         main
titleDisplay                  0x452A  Loc         main
displayLCD                    0x4586  Loc         main
s2ToGoDisplay                 0x4604  Loc         main
s2ToGo                        0x466E  Loc         main
checkPressed                  0x4688  Loc         main
resetName                     0x46A0  Loc         main
delay                         0x46A4  Loc         main
decrement                     0x46A8  Loc         main
checkStart                    0x46AE  Loc         main
run_instr                     0x46BA  Loc         main
read_instr                    0x46D2  Loc         main
getAddress                    0x4732  Loc         main
getRegister                   0x473E  Loc         main
getRegister2                  0x4746  Loc         main
getRegister3                  0x474E  Loc         main
getRegisterValue              0x4756  Loc         main
getRegisterValue2             0x4772  Loc         main
getRegisterValue3             0x478A  Loc         main
exitRegisterValueR10          0x47A2  Loc         main
exitRegisterValueR11          0x47A6  Loc         main
exitRegisterValueR12          0x47AA  Loc         main
exitRegisterValueR13          0x47AE  Loc         main
loadR10                       0x47B2  Loc         main
loadR11                       0x47B6  Loc         main
loadR12                       0x47BA  Loc         main
loadR13                       0x47BE  Loc         main
storeR10                      0x47C2  Loc         main
storeR11                      0x47C8  Loc         main
storeR12                      0x47CE  Loc         main
storeR13                      0x47D4  Loc         main
setR10                        0x47DA  Loc         main
setR11                        0x47DE  Loc         main
setR12                        0x47E2  Loc         main
setR13                        0x47E6  Loc         main
load                          0x47EA  Loc         main
store                         0x480A  Loc         main
sum                           0x482A  Loc         main
negate                        0x484E  Loc         main
shift                         0x4870  Loc         main
in                            0x4890  Loc         main
in_continue                   0x48A4  Loc         main
for00                         0x48C4  Loc         main
for01                         0x48C8  Loc         main
for10                         0x48CC  Loc         main
for11                         0x48D0  Loc         main
regSelect                     0x48D6  Loc         main
forr0                         0x48EE  Loc         main
forr1                         0x48F2  Loc         main
forr2                         0x48F6  Loc         main
forr3                         0x48FA  Loc         main
out                           0x48FE  Loc         main
JR30                          0x4910  Loc         main
exitJR30                      0x491C  Loc         main
delay_ms                      0x491E  Loc         main
waitLoop                      0x4932  Loc         main
endloop                       0x493A  Loc         main
delay1s                       0x494C  Loc         main
timeloopB                     0x4960  Loc         main
endloopB                      0x4968  Loc         main
hexDisplay                    0x4978  Loc         main
ledDisplay                    0x49B4  Loc         main
decimalDisplay                0x4A48  Loc         main
decimalDisplayLoop            0x4A52  Loc         main
fin                           0x4A6E  Loc         main
decimalConverter              0x4A70  Loc         main
loop                          0x4A78  Loc         main
sub100                        0x4AA2  Loc         main
sub10                         0x4AAA  Loc         main
sub1                          0x4AB2  Loc         main

[0] = Command line (linker generated)


                ****************************************
                *                                      *
                *              MODULE MAP              *
                *                                      *
                ****************************************

Linker generated:
  Module: ?FILLER_BYTES
******************************************************
Linker generated:
  Module: ?ABS_ENTRY_MOD

      Absolute module symbols:
        _DATA20_HEAP_SIZE  0x0050  Pub
        _DATA16_HEAP_SIZE  0x00A0  Pub
        _STACK_SIZE        0x00A0  Pub
        __iar_HWMUL        0x04C0  Pub
******************************************************
File: C:\Users\devan\OneDrive\Desktop\school\Arqui2\ARQUI-Project2-main\tarea2\Debug\Obj\asm.r43
  Module: main
       Segment part 0, CSTACK [root]
       Address:  0x2360 Size: 0x0 Align: 2(1)
    --------------------------------------------------
       Segment part 1, <CODE> 1 [root]
                      (was CODE)
       Address:  0x4400 Size: 0x6BA Align: 2(1)
       Ref by:   Absolute parts
      main                  0x4404  Pub
      init                  0x4400  Loc
      setupLCD              0x4428  Loc
      setUpP1               0x443A  Loc
      UnlockGPIO            0x446C  Loc
      LoadTestCases         0x448E  Loc
      titleDisplay          0x452A  Loc
      checkPressed          0x4688  Loc
      displayLCD            0x4586  Loc
      resetName             0x46A0  Loc
      delay                 0x46A4  Loc
      s2ToGoDisplay         0x4604  Loc
      s2ToGo                0x466E  Loc
      run_instr             0x46BA  Loc
      decrement             0x46A8  Loc
      checkStart            0x46AE  Loc
      read_instr            0x46D2  Loc
      load                  0x47EA  Loc
      store                 0x480A  Loc
      sum                   0x482A  Loc
      negate                0x484E  Loc
      shift                 0x4870  Loc
      in                    0x4890  Loc
      out                   0x48FE  Loc
      JR30                  0x4910  Loc
      getAddress            0x4732  Loc
      getRegister           0x473E  Loc
      getRegister2          0x4746  Loc
      getRegister3          0x474E  Loc
      getRegisterValue      0x4756  Loc
      exitRegisterValueR10  0x47A2  Loc
      exitRegisterValueR11  0x47A6  Loc
      exitRegisterValueR12  0x47AA  Loc
      exitRegisterValueR13  0x47AE  Loc
      getRegisterValue2     0x4772  Loc
      getRegisterValue3     0x478A  Loc
      loadR10               0x47B2  Loc
      loadR11               0x47B6  Loc
      loadR12               0x47BA  Loc
      loadR13               0x47BE  Loc
      storeR10              0x47C2  Loc
      storeR11              0x47C8  Loc
      storeR12              0x47CE  Loc
      storeR13              0x47D4  Loc
      setR10                0x47DA  Loc
      setR11                0x47DE  Loc
      setR12                0x47E2  Loc
      setR13                0x47E6  Loc
      in_continue           0x48A4  Loc
      delay_ms              0x491E  Loc
      for00                 0x48C4  Loc
      for01                 0x48C8  Loc
      for10                 0x48CC  Loc
      for11                 0x48D0  Loc
      regSelect             0x48D6  Loc
      forr0                 0x48EE  Loc
      forr1                 0x48F2  Loc
      forr2                 0x48F6  Loc
      forr3                 0x48FA  Loc
      ledDisplay            0x49B4  Loc
      hexDisplay            0x4978  Loc
      decimalDisplay        0x4A48  Loc
      exitJR30              0x491C  Loc
      waitLoop              0x4932  Loc
      endloop               0x493A  Loc
      delay1s               0x494C  Loc
      timeloopB             0x4960  Loc
      endloopB              0x4968  Loc
      decimalDisplayLoop    0x4A52  Loc
      decimalConverter      0x4A70  Loc
      fin                   0x4A6E  Loc
      loop                  0x4A78  Loc
      sub100                0x4AA2  Loc
      sub10                 0x4AAA  Loc
      sub1                  0x4AB2  Loc

      Absolute module symbols:
        __MSP430FR5922__   0x0000  Loc
        setUpPorts         0x1C10  Loc
        runningInDebugger  0x1C10  Loc
        letra1H            0x1C11  Loc
        letra1L            0x1C16  Loc
        letra2H            0x1C1B  Loc
        letra2L            0x1C20  Loc
        letra3H            0x1C25  Loc
        letra3L            0x1C2A  Loc
        letra4H            0x1C2F  Loc
        letra4L            0x1C34  Loc
        letra5H            0x1C39  Loc
        letra5L            0x1C3E  Loc
        letra6H            0x1C43  Loc
        letra6L            0x1C48  Loc
        hexTop             0x1C4D  Loc
        hexLow             0x1C5D  Loc
        twos               0x1C6D  Loc
        marks              0x1C75  Loc
        bicsLed            0x1C79  Loc
        intsCounter        0x1C7E  Loc
      Absolute code:
      Address         Size
      -------         ----
      0x1C10                0x70
      0xFFFE                 0x2


                ****************************************
                *                                      *
                *      SEGMENTS IN ADDRESS ORDER       *
                *                                      *
                ****************************************

SEGMENT   SPACE    START/END ADDRESS      SIZE  TYPE  ALIGN
-------   -----  ---------------------    ----  ----  -----
CSTACK              0x2360 - 0x23FF       0xA0   rel   2(1)
<CODE> 1            0x4400 - 0x4AB9      0x6BA   rel   2(1)
                                0x1C10  0x1C7F  0x70   aseg
                                0xFFFE  0xFFFF   0x2   aseg

 1'722 bytes of CODE memory (+ 114 absolute )
   160 bytes of DATA memory

Errors: none
Warnings: none
