###############################################################################
#
# IAR UBROF Linker V10.12.4.1422                          13/Apr/2023  10:27:29
# Copyright 1987-2022 IAR Systems AB.
#
#    Target Cpu    =  MSP430
#    Map file      =
#        C:\Users\devan\OneDrive\Desktop\school\Arqui2\ARQUI-Project2-names\tarea2\Debug\List\tarea2.map
#    Output file 1 =
#        C:\Users\devan\OneDrive\Desktop\school\Arqui2\ARQUI-Project2-names\tarea2\Debug\Exe\tarea2.d43
#                  =  Format: debug
#                  =  UBROF version 11.1.1
#                  =  Using library modules for C-SPY (-rt)
#    Command line  =
#        -f
#        C:\Users\devan\OneDrive\Desktop\school\Arqui2\ARQUI-Project2-names\tarea2\Debug\Exe\tarea2.d43.rsp
#        (C:\Users\devan\OneDrive\Desktop\school\Arqui2\ARQUI-Project2-names\tarea2\Debug\Obj\asm.r43
#        --output
#        C:\Users\devan\OneDrive\Desktop\school\Arqui2\ARQUI-Project2-names\tarea2\Debug\Exe\tarea2.d43
#        -l
#        C:\Users\devan\OneDrive\Desktop\school\Arqui2\ARQUI-Project2-names\tarea2\Debug\List\tarea2.map
#        -xams "-IC:\Program Files\IAR Systems\Embedded Workbench
#        9.1\430\LIB\\" --f "C:\Program Files\IAR Systems\Embedded Workbench
#        9.1\430\config\linker\lnk430fr6989.xcl" (-cmsp430 -QCODE_I=CODE_ID
#        -QTLS16_I=TLS16_ID -D__iar_HWMUL=4C0 "-Z(CONST)INFO=1800-19FF"
#        "-Z(CONST)INFOA=1980-19FF" "-Z(CONST)INFOB=1900-197F"
#        "-Z(CONST)INFOC=1880-18FF" "-Z(CONST)INFOD=1800-187F"
#        "-Z(DATA)TINYRAM=0006-001F"
#        "-Z(DATA)DATA16_I,DATA16_Z,DATA16_N,TLS16_I=1C00-23FF"
#        "-Z(DATA)CODE_I" "-Z(DATA)DATA20_I,DATA20_Z,DATA20_N"
#        "-Z(DATA)CSTACK+_STACK_SIZE#" "-Z(CONST)DATA16_P,DATA20_P=4400-FF7F"
#        "-Z(DATA)DATA16_HEAP+_DATA16_HEAP_SIZE"
#        "-Z(DATA)DATA20_HEAP+_DATA20_HEAP_SIZE" "-Z(CONST)MPU_B1"
#        "-Z(CONST)IPE_B1=4400-FF7F" "-Z(DATA)IPEDATA16_N" "-Z(CODE)IPECODE16"
#        "-Z(CONST)IPEDATA16_C,IPE_B2" "-Z(CONST)MPU_B2"
#        "-Z(CONST)DATA16_C,DATA16_ID,TLS16_ID,DIFUNCT,CHECKSUM=4400-FF7F"
#        "-Z(CODE)CSTART,ISR_CODE,CODE16=4400-FF7F"
#        "-P(CODE)CODE=4400-FF7F,10000-23FF7" "-Z(CODE)CODE_PAD"
#        "-Z(CONST)DATA20_C,DATA20_ID,CODE_ID=4400-FF7F,10040-23FF7"
#        "-Z(CONST)SIGNATURE=FF80-FF8F" "-Z(CONST)JTAGSIGNATURE=FF80-FF83"
#        "-Z(CONST)BSLSIGNATURE=FF84-FF87" "-Z(CONST)IPESIGNATURE=FF88-FF8F"
#        "-Z(CODE)INTVEC=FF90-FFFF" "-Z(CODE)RESET=FFFE-FFFF") -f "C:\Program
#        Files\IAR Systems\Embedded Workbench
#        9.1\430\config\linker\multiplier32.xcl" (-e?Mul8Hw=?Mul8
#        -e?Mul16Hw=?Mul16 -e?Mul16to32uHw=?Mul16to32u
#        -e?Mul16to32sHw=?Mul16to32s -e?Mul32Hw32=?Mul32 -e?Mul64Hw32=_Mul64i
#        -e?Mul32u32uto64iHw32=_Mul32u32uto64i -e?Mul32fHw32=_Mul32f
#        -e_Mul64fHw32Ptr=_Mul64fPtr) -D_STACK_SIZE=A0 -rt
#        -D_DATA16_HEAP_SIZE=A0 -D_DATA20_HEAP_SIZE=50 --text_out locale)
#
###############################################################################






                ****************************************
                *                                      *
                *            PROGRAM ENTRY             *
                *                                      *
                ****************************************

                   There are no program entries.



                ****************************************
                *                                      *
                *    AUTOMATIC SYMBOL REDIRECTIONS     *
                *                                      *
                ****************************************

                   There are no automatic symbol redirections.



                ****************************************
                *                                      *
                *              ENTRY LIST              *
                *                                      *
                ****************************************

ENTRY              SPACE  ADDRESS  KIND  TYPE  MODULE
-----              -----  -------  ----  ----  ------
__MSP430FR5922__           0x0000  Loc         main [0]
_DATA20_HEAP_SIZE          0x0050  Pub         ?ABS_ENTRY_MOD [1]
_DATA16_HEAP_SIZE          0x00A0  Pub         ?ABS_ENTRY_MOD [1]
_STACK_SIZE                0x00A0  Pub         ?ABS_ENTRY_MOD [1]
__iar_HWMUL                0x04C0  Pub         ?ABS_ENTRY_MOD [1]
setUpPorts                 0x1C10  Loc         main [0]
instr                      0x1C10  Loc         main [0]
letra1H                    0x1C12  Loc         main [0]
letra1L                    0x1C15  Loc         main [0]
letra2H                    0x1C18  Loc         main [0]
letra2L                    0x1C1B  Loc         main [0]
letra3H                    0x1C1E  Loc         main [0]
letra3L                    0x1C21  Loc         main [0]
letra4H                    0x1C24  Loc         main [0]
letra4L                    0x1C27  Loc         main [0]
letra5H                    0x1C2A  Loc         main [0]
letra5L                    0x1C2D  Loc         main [0]
letra6H                    0x1C30  Loc         main [0]
letra6L                    0x1C33  Loc         main [0]
init                       0x4400  Loc         main [0]
main                       0x4404  Pub         main [0]
setupLCD                   0x4426  Loc         main [0]
setUpP1                    0x4438  Loc         main [0]
UnlockGPIO                 0x446A  Loc         main [0]
titleDisplay               0x448C  Loc         main [0]
checkPressed               0x44E8  Loc         main [0]
resetName                  0x44F6  Loc         main [0]
delay                      0x44FA  Loc         main [0]
decrement                  0x44FE  Loc         main [0]
memberNames                0x4504  Loc         main [0]
read_instr                 0x4584  Loc         main [0]
getAddress                 0x45AE  Loc         main [0]
getRegister                0x45BA  Loc         main [0]
loadR10                    0x45C2  Loc         main [0]
loadR11                    0x45C6  Loc         main [0]
loadR12                    0x45CA  Loc         main [0]
loadR13                    0x45CE  Loc         main [0]
storeR10                   0x45D2  Loc         main [0]
storeR11                   0x45D8  Loc         main [0]
storeR12                   0x45DE  Loc         main [0]
storeR13                   0x45E4  Loc         main [0]
load                       0x45EA  Loc         main [0]
store                      0x460A  Loc         main [0]
add_op                     0x462A  Loc         main [0]
negate                     0x462C  Loc         main [0]
shift                      0x4638  Loc         main [0]

[0] = C:\Users\devan\OneDrive\Desktop\school\Arqui2\ARQUI-Project2-names\tarea2\Debug\Obj\asm.r43
[1] = Command line (linker generated)


                ****************************************
                *                                      *
                *              MODULE MAP              *
                *                                      *
                ****************************************

Linker generated:
  Module: ?FILLER_BYTES
******************************************************
Linker generated:
  Module: ?ABS_ENTRY_MOD

      Absolute module symbols:
        _DATA20_HEAP_SIZE  0x0050  Pub
        _DATA16_HEAP_SIZE  0x00A0  Pub
        _STACK_SIZE        0x00A0  Pub
        __iar_HWMUL        0x04C0  Pub
******************************************************
File: C:\Users\devan\OneDrive\Desktop\school\Arqui2\ARQUI-Project2-names\tarea2\Debug\Obj\asm.r43
  Module: main
       Segment part 0, CSTACK [root]
       Address:  0x2360 Size: 0x0 Align: 2(1)
    --------------------------------------------------
       Segment part 1, <CODE> 1 [root]
                      (was CODE)
       Address:  0x4400 Size: 0x242 Align: 2(1)
       Ref by:   Absolute parts
      main                 0x4404  Pub
      init                 0x4400  Loc
      setupLCD             0x4426  Loc
      setUpP1              0x4438  Loc
      UnlockGPIO           0x446A  Loc
      read_instr           0x4584  Loc
      titleDisplay         0x448C  Loc
      checkPressed         0x44E8  Loc
      memberNames          0x4504  Loc
      resetName            0x44F6  Loc
      delay                0x44FA  Loc
      decrement            0x44FE  Loc
      load                 0x45EA  Loc
      store                0x460A  Loc
      add_op               0x462A  Loc
      getAddress           0x45AE  Loc
      getRegister          0x45BA  Loc
      loadR10              0x45C2  Loc
      loadR11              0x45C6  Loc
      loadR12              0x45CA  Loc
      loadR13              0x45CE  Loc
      storeR10             0x45D2  Loc
      storeR11             0x45D8  Loc
      storeR12             0x45DE  Loc
      storeR13             0x45E4  Loc
      negate               0x462C  Loc
      shift                0x4638  Loc

      Absolute module symbols:
        __MSP430FR5922__  0x0000  Loc
        setUpPorts        0x1C10  Loc
        instr             0x1C10  Loc
        letra1H           0x1C12  Loc
        letra1L           0x1C15  Loc
        letra2H           0x1C18  Loc
        letra2L           0x1C1B  Loc
        letra3H           0x1C1E  Loc
        letra3L           0x1C21  Loc
        letra4H           0x1C24  Loc
        letra4L           0x1C27  Loc
        letra5H           0x1C2A  Loc
        letra5L           0x1C2D  Loc
        letra6H           0x1C30  Loc
        letra6L           0x1C33  Loc
      Absolute code:
      Address         Size
      -------         ----
      0x1C10                0x26
      0xFFFE                 0x2


                ****************************************
                *                                      *
                *      SEGMENTS IN ADDRESS ORDER       *
                *                                      *
                ****************************************

SEGMENT   SPACE    START/END ADDRESS      SIZE  TYPE  ALIGN
-------   -----  ---------------------    ----  ----  -----
CSTACK              0x2360 - 0x23FF       0xA0   rel   2(1)
<CODE> 1            0x4400 - 0x4641      0x242   rel   2(1)
                                0x1C10  0x1C35  0x26   aseg
                                0xFFFE  0xFFFF   0x2   aseg

 578 bytes of CODE memory (+ 40 absolute )
 160 bytes of DATA memory

Errors: none
Warnings: none
